---
source: src/parser.rs
expression: "fn_statement(\"fn incomplete_args(a { 123; }\".into())"
---
Err(
    Failure(
        Stack {
            base: Base {
                location: LocatedSpan {
                    offset: 21,
                    line: 1,
                    fragment: "{ 123; }",
                    extra: (),
                },
                kind: Expected(
                    Char(
                        ')',
                    ),
                ),
            },
            contexts: [
                (
                    LocatedSpan {
                        offset: 18,
                        line: 1,
                        fragment: "(a { 123; }",
                        extra: (),
                    },
                    Context(
                        "Function arguments",
                    ),
                ),
                (
                    LocatedSpan {
                        offset: 0,
                        line: 1,
                        fragment: "fn incomplete_args(a { 123; }",
                        extra: (),
                    },
                    Context(
                        "Function declaration",
                    ),
                ),
            ],
        },
    ),
)
