---
source: src/parser.rs
expression: "group_expr(\"(123\".into())"
---
Err(
    Error(
        VerboseError {
            errors: [
                (
                    LocatedSpan {
                        offset: 4,
                        line: 1,
                        fragment: "",
                        extra: (),
                    },
                    Char(
                        ')',
                    ),
                ),
                (
                    LocatedSpan {
                        offset: 0,
                        line: 1,
                        fragment: "(123",
                        extra: (),
                    },
                    Context(
                        "Group",
                    ),
                ),
            ],
        },
    ),
)
