---
source: src/parser.rs
expression: "expr(\"a.b[0].c\".into())"
---
Ok(
    (
        LocatedSpan {
            offset: 8,
            line: 1,
            fragment: "",
            extra: (),
        },
        Ast {
            node: AccessMember {
                source: Ast {
                    node: AccessKey {
                        source: Ast {
                            node: AccessMember {
                                source: Ast {
                                    node: Ident(
                                        u!("a"),
                                    ),
                                    span: LocatedSpan {
                                        offset: 0,
                                        line: 1,
                                        fragment: "a",
                                        extra: (),
                                    },
                                },
                                member: u!("b"),
                            },
                            span: LocatedSpan {
                                offset: 1,
                                line: 1,
                                fragment: ".b",
                                extra: (),
                            },
                        },
                        key: Ast {
                            node: Literal(
                                Int(
                                    0,
                                ),
                            ),
                            span: LocatedSpan {
                                offset: 4,
                                line: 1,
                                fragment: "0",
                                extra: (),
                            },
                        },
                    },
                    span: LocatedSpan {
                        offset: 3,
                        line: 1,
                        fragment: "[0]",
                        extra: (),
                    },
                },
                member: u!("c"),
            },
            span: LocatedSpan {
                offset: 6,
                line: 1,
                fragment: ".c",
                extra: (),
            },
        },
    ),
)
