---
source: src/parser.rs
expression: "let_statement(\"let yeet = ;\".into())"
---
Err(
    Failure(
        VerboseError {
            errors: [
                (
                    LocatedSpan {
                        offset: 9,
                        line: 1,
                        fragment: "= ;",
                        extra: (),
                    },
                    Nom(
                        Fail,
                    ),
                ),
                (
                    LocatedSpan {
                        offset: 9,
                        line: 1,
                        fragment: "= ;",
                        extra: (),
                    },
                    Nom(
                        Alt,
                    ),
                ),
                (
                    LocatedSpan {
                        offset: 9,
                        line: 1,
                        fragment: "= ;",
                        extra: (),
                    },
                    Context(
                        "Terminator",
                    ),
                ),
                (
                    LocatedSpan {
                        offset: 0,
                        line: 1,
                        fragment: "let yeet = ;",
                        extra: (),
                    },
                    Context(
                        "Variable declaration",
                    ),
                ),
            ],
        },
    ),
)
