---
source: src/parser.rs
expression: "controlflow_statement(\"continue;\".into())"
---
Ok(
    (
        LocatedSpan {
            offset: 9,
            line: 1,
            fragment: "",
            extra: (),
        },
        Ast {
            node: Continue {
                label: None,
            },
            span: LocatedSpan {
                offset: 0,
                line: 1,
                fragment: "continue",
                extra: (),
            },
        },
    ),
)
