---
source: src/parser.rs
expression: "fn_statement(\"fn missing_block_end() { 123; \".into())"
---
Err(
    Failure(
        VerboseError {
            errors: [
                (
                    LocatedSpan {
                        offset: 30,
                        line: 1,
                        fragment: "",
                        extra: (),
                    },
                    Char(
                        '}',
                    ),
                ),
                (
                    LocatedSpan {
                        offset: 22,
                        line: 1,
                        fragment: " { 123; ",
                        extra: (),
                    },
                    Context(
                        "Function body",
                    ),
                ),
                (
                    LocatedSpan {
                        offset: 0,
                        line: 1,
                        fragment: "fn missing_block_end() { 123; ",
                        extra: (),
                    },
                    Context(
                        "Function declaration",
                    ),
                ),
            ],
        },
    ),
)
