---
source: src/parser.rs
expression: "array_expr(r#\"[  1  ,  2 , ]\"#.into())"
---
Ok(
    (
        LocatedSpan {
            offset: 14,
            line: 1,
            fragment: "",
            extra: (),
        },
        Ast {
            node: ArrayLiteral(
                [
                    Ast {
                        node: Literal(
                            Int(
                                1,
                            ),
                        ),
                        span: LocatedSpan {
                            offset: 3,
                            line: 1,
                            fragment: "1",
                            extra: (),
                        },
                    },
                    Ast {
                        node: Literal(
                            Int(
                                2,
                            ),
                        ),
                        span: LocatedSpan {
                            offset: 9,
                            line: 1,
                            fragment: "2",
                            extra: (),
                        },
                    },
                ],
            ),
            span: LocatedSpan {
                offset: 0,
                line: 1,
                fragment: "[  1  ,  2 , ]",
                extra: (),
            },
        },
    ),
)
